name: 'My action name'
description: 'My action description'
inputs:
  github-token:
    description: 'GitHub token'
    required: true
  action:
    description: 'Name of the action (if named)'
    required: false
runs:
  using: "composite"
  steps:
    - name: Set up JDK 17
      uses: actions/setup-java@v3
      with:
        java-version: 17
        distribution: temurin
    - id: install-jbang
      run: curl -Ls https://sh.jbang.dev | bash -s - app setup
      shell: bash
    - id: action
      run: ~/.jbang/bin/jbang --repos 'github=https://maven.pkg.github.com/your-org/your-repository/' --repos 'mavencentral' org.test:test-codestart:1.0.0-codestart
      shell: bash
      env:
        JSON_INPUTS: ${{ toJSON(inputs) }}
        GITHUB_TOKEN: ${{ inputs.github-token }}